// Jest Snapshot v1, https://goo.gl/fbAQLP

exports[`SkeletonProductDetail component should be render match to snapshot 1`] = `
<div>
  <section
    class="container md:flex flex-wrap gap-10 my-10 w-full animate-pulse"
  >
    <div
      class="lg:block hidden gap-6 p-0"
    >
      <div
        class="bg-gray-200 w-44 h-32 mb-7 flex justify-center items-center rounded-md"
      />
      <div
        class="bg-gray-200 w-44 h-32 mb-7 flex justify-center items-center rounded-md"
      />
      <div
        class="bg-gray-200 w-44 h-32 mb-7 flex justify-center items-center rounded-md"
      />
      <div
        class="bg-gray-200 w-44 h-32 mb-7 flex justify-center items-center rounded-md"
      />
    </div>
    <div
      class="lg:w-card-detail h-card-detail w-full mb-5 bg-gray-200 rounded-md flex justify-center items-center"
    />
    <div
      class="flex-1 space-y-6"
    >
      <div
        class="h-6 bg-gray-200 rounded w-3/4"
      />
      <div
        class="flex items-center gap-5"
      >
        <div
          class="h-4 bg-gray-200 rounded w-1/6"
        />
        <div
          class="h-4 bg-gray-200 rounded w-1/6"
        />
        <div
          class="h-4 bg-gray-200 rounded w-1/4"
        />
      </div>
      <div
        class="h-8 bg-gray-200 rounded w-1/3"
      />
      <div
        class="space-y-2"
      >
        <div
          class="h-4 bg-gray-200 rounded w-full"
        />
        <div
          class="h-4 bg-gray-200 rounded w-full"
        />
        <div
          class="h-4 bg-gray-200 rounded w-full"
        />
      </div>
      <div
        class="flex gap-5 items-center"
      >
        <div
          class="h-6 bg-gray-200 rounded w-16"
        />
        <div
          class="flex gap-3"
        >
          <div
            class="w-8 h-8 bg-gray-200 rounded-full"
          />
          <div
            class="w-8 h-8 bg-gray-200 rounded-full"
          />
          <div
            class="w-8 h-8 bg-gray-200 rounded-full"
          />
        </div>
      </div>
      <div
        class="flex gap-5 items-center"
      >
        <div
          class="h-6 bg-gray-200 rounded w-16"
        />
        <div
          class="flex gap-3"
        >
          <div
            class="w-10 h-10 bg-gray-200 rounded"
          />
          <div
            class="w-10 h-10 bg-gray-200 rounded"
          />
          <div
            class="w-10 h-10 bg-gray-200 rounded"
          />
          <div
            class="w-10 h-10 bg-gray-200 rounded"
          />
        </div>
      </div>
      <div
        class="flex gap-5"
      >
        <div
          class="h-10 bg-gray-200 rounded w-1/4"
        />
        <div
          class="h-10 bg-gray-200 rounded w-12"
        />
      </div>
    </div>
  </section>
</div>
`;
