// Jest Snapshot v1, https://goo.gl/fbAQLP

exports[`CardSolution component should be render match to snapshot 1`] = `
<div>
  <div
    class="rounded-sm overflow-hidden className"
  >
    <div
      class="flex flex-col w-card-sm h-card-sm items-center justify-center rounded-sm p-6 transition-all duration-300 text-dark truncate"
    >
      <div
        class="relative mb-4 rounded-full transition-all duration-300 shadow-card"
      >
        <span
          class="absolute inset-0 bg-black rounded-full transition-all duration-300"
        />
        <img
          alt="icon bags"
          class="relative z-10 rounded-full transition-all duration-300 p-2"
          height="40"
          src="/icon_bag.svg"
          width="40"
        />
      </div>
      <h3
        class="text-lg mt-2 font-semibold"
      >
        Card Title
      </h3>
      <p
        class="text-sm mt-2"
      >
        Description card
      </p>
    </div>
  </div>
</div>
`;
