// Jest Snapshot v1, https://goo.gl/fbAQLP

exports[`Modal component Should be render match to snapshot 1`] = `
<div>
  <div
    class="fixed inset-0 flex items-center justify-center z-50"
  >
    <div
      class="fixed inset-0 bg-black opacity-50"
    />
    <div
      class="bg-white rounded-lg shadow-lg z-10 w-96"
    >
      <div
        class="p-4 border-b"
      >
        <h2
          class="text-lg font-bold"
        >
          Title modal
        </h2>
      </div>
      <div
        class="p-4"
      >
        children modal
      </div>
      <div
        class="p-4 border-t flex justify-between"
      >
        <button
          class="rounded font-medium md:text-base text-xs className w-btn-sm bg-transparent text-primary hover:underline"
        >
          Close
        </button>
      </div>
    </div>
  </div>
</div>
`;

exports[`Modal component Should be render match to snapshot with confirm button 1`] = `
<div>
  <div
    class="fixed inset-0 flex items-center justify-center z-50"
  >
    <div
      class="fixed inset-0 bg-black opacity-50"
    />
    <div
      class="bg-white rounded-lg shadow-lg z-10 w-96"
    >
      <div
        class="p-4 border-b"
      >
        <h2
          class="text-lg font-bold"
        >
          Title modal
        </h2>
      </div>
      <div
        class="p-4"
      >
        children modal
      </div>
      <div
        class="p-4 border-t flex justify-between"
      >
        <button
          class="rounded font-medium md:text-base text-xs className w-btn-sm bg-transparent text-primary hover:underline"
        >
          Close
        </button>
      </div>
    </div>
  </div>
</div>
`;
