// Jest Snapshot v1, https://goo.gl/fbAQLP

exports[`Card component should be render match to snapshot 1`] = `
<div>
  <div
    class="rounded-lg overflow-hidden"
  >
    <p>
      Content
    </p>
  </div>
</div>
`;
