// Jest Snapshot v1, https://goo.gl/fbAQLP

exports[`Quantity component should be render match to snapshot 1`] = `
<div>
  <div
    class="flex items-center gap-4 bg-white w-20 h-11 rounded-md justify-center border border-dark className"
  >
    <span
      class="px-2"
    >
      3
    </span>
    <div
      class="flex flex-col gap-3"
    >
      <div
        class="flex cursor-pointer"
      >
        <img
          alt="arrow-top icon"
          class="select-none"
          data-nimg="1"
          decoding="async"
          fetchpriority="high"
          height="12"
          src="/arrow-top.svg"
          style="color: transparent;"
          width="12"
        />
      </div>
      <div
        class="flex cursor-pointer"
      >
        <img
          alt="arrow-bot icon"
          class="select-none"
          data-nimg="1"
          decoding="async"
          fetchpriority="high"
          height="12"
          src="/arrow-bot.svg"
          style="color: transparent;"
          width="12"
        />
      </div>
    </div>
  </div>
</div>
`;
