// Jest Snapshot v1, https://goo.gl/fbAQLP

exports[`Icon component should be render match to snapshot 1`] = `
<div>
  <div
    class="flex cursor-pointer"
  >
    <img
      alt="Cart Icon"
      data-nimg="1"
      decoding="async"
      height="24"
      loading="lazy"
      src="/cart.svg"
      style="color: transparent;"
      width="24"
    />
  </div>
</div>
`;
