// Jest Snapshot v1, https://goo.gl/fbAQLP

exports[`Carousel component Should be render match to snapshot 1`] = `
<div>
  <div
    class="relative h-slide bg-black className"
  >
    <div
      class="overflow-hidden"
    >
      <div
        class="flex transition-transform duration-500"
        style="transform: translateX(-0%);"
      >
        <div
          class="flex-none w-full h-slide text-white flex items-center justify-between"
        >
          <div
            class="text-white z-10 px-20 w-full"
          >
            <div
              class="flex gap-7 items-center"
            >
              <div
                class="flex"
              >
                <img
                  alt="IPhone 14 Series"
                  data-nimg="1"
                  decoding="async"
                  height="49"
                  loading="lazy"
                  src="/icon-iphone.svg"
                  style="color: transparent; object-fit: contain;"
                  width="49"
                />
              </div>
              <p
                class="text-base font-bold"
              >
                IPhone 14 Series
              </p>
            </div>
            <p
              class="text-5xl font-semibold mt-5"
            >
              Up to 10% off Voucher
            </p>
            <div
              class="flex gap-4 items-center mt-16"
            >
              <a
                class="text-white text-base underline"
                href="#"
              >
                Shop Now
              </a>
              <div
                class="flex"
              >
                <img
                  alt="arrow icon"
                  data-nimg="1"
                  decoding="async"
                  fetchpriority="high"
                  height="14"
                  src="/arrow-white.svg"
                  style="color: transparent;"
                  width="16"
                />
              </div>
            </div>
          </div>
          <img
            alt="slide-image"
            data-nimg="1"
            decoding="async"
            height="370"
            loading="lazy"
            src="/_next/image?url=%2Fhero_iphone.png&w=828&q=75"
            srcset="/_next/image?url=%2Fhero_iphone.png&w=640&q=75 1x, /_next/image?url=%2Fhero_iphone.png&w=828&q=75 2x"
            style="color: transparent; object-fit: contain; width: 100%; height: 100%;"
            width="400"
          />
        </div>
        <div
          class="flex-none w-full h-slide text-white flex items-center justify-between"
        >
          <div
            class="text-white z-10 px-20 w-full"
          >
            <div
              class="flex gap-7 items-center"
            >
              <p
                class="text-base font-bold"
              >
                Canon camera
              </p>
            </div>
            <p
              class="text-5xl font-semibold mt-5"
            >
              Capture stunning photos every time.
            </p>
            <div
              class="flex gap-4 items-center mt-16"
            >
              <a
                class="text-white text-base underline"
                href="#"
              >
                Shop Now
              </a>
              <div
                class="flex"
              >
                <img
                  alt="arrow icon"
                  data-nimg="1"
                  decoding="async"
                  fetchpriority="high"
                  height="14"
                  src="/arrow-white.svg"
                  style="color: transparent;"
                  width="16"
                />
              </div>
            </div>
          </div>
          <img
            alt="slide-image"
            data-nimg="1"
            decoding="async"
            height="370"
            loading="lazy"
            src="/_next/image?url=%2Fhero-canon.png&w=828&q=75"
            srcset="/_next/image?url=%2Fhero-canon.png&w=640&q=75 1x, /_next/image?url=%2Fhero-canon.png&w=828&q=75 2x"
            style="color: transparent; object-fit: contain; width: 100%; height: 100%;"
            width="400"
          />
        </div>
        <div
          class="flex-none w-full h-slide text-white flex items-center justify-between"
        >
          <div
            class="text-white z-10 px-20 w-full"
          >
            <div
              class="flex gap-7 items-center"
            >
              <p
                class="text-base font-bold"
              >
                Adidas Sneakers
              </p>
            </div>
            <p
              class="text-5xl font-semibold mt-5"
            >
              Durable, stylish, all-day comfort
            </p>
            <div
              class="flex gap-4 items-center mt-16"
            >
              <a
                class="text-white text-base underline"
                href="#"
              >
                Shop Now
              </a>
              <div
                class="flex"
              >
                <img
                  alt="arrow icon"
                  data-nimg="1"
                  decoding="async"
                  fetchpriority="high"
                  height="14"
                  src="/arrow-white.svg"
                  style="color: transparent;"
                  width="16"
                />
              </div>
            </div>
          </div>
          <img
            alt="slide-image"
            data-nimg="1"
            decoding="async"
            height="370"
            loading="lazy"
            src="/_next/image?url=%2Fhero-shoes.png&w=828&q=75"
            srcset="/_next/image?url=%2Fhero-shoes.png&w=640&q=75 1x, /_next/image?url=%2Fhero-shoes.png&w=828&q=75 2x"
            style="color: transparent; object-fit: contain; width: 100%; height: 100%;"
            width="400"
          />
        </div>
        <div
          class="flex-none w-full h-slide text-white flex items-center justify-between"
        >
          <div
            class="text-white z-10 px-20 w-full"
          >
            <div
              class="flex gap-7 items-center"
            >
              <p
                class="text-base font-bold"
              >
                Advanced Liquid Cooling System
              </p>
            </div>
            <p
              class="text-5xl font-semibold mt-5"
            >
              Max Cooling Power - Liquid Cooling for Your PC!
            </p>
            <div
              class="flex gap-4 items-center mt-16"
            >
              <a
                class="text-white text-base underline"
                href="#"
              >
                Shop Now
              </a>
              <div
                class="flex"
              >
                <img
                  alt="arrow icon"
                  data-nimg="1"
                  decoding="async"
                  fetchpriority="high"
                  height="14"
                  src="/arrow-white.svg"
                  style="color: transparent;"
                  width="16"
                />
              </div>
            </div>
          </div>
          <img
            alt="slide-image"
            data-nimg="1"
            decoding="async"
            height="370"
            loading="lazy"
            src="/_next/image?url=%2Fhero-cooler.png&w=828&q=75"
            srcset="/_next/image?url=%2Fhero-cooler.png&w=640&q=75 1x, /_next/image?url=%2Fhero-cooler.png&w=828&q=75 2x"
            style="color: transparent; object-fit: contain; width: 100%; height: 100%;"
            width="400"
          />
        </div>
        <div
          class="flex-none w-full h-slide text-white flex items-center justify-between"
        >
          <div
            class="text-white z-10 px-20 w-full"
          >
            <div
              class="flex gap-7 items-center"
            >
              <div
                class="flex"
              >
                <img
                  alt="PS5"
                  data-nimg="1"
                  decoding="async"
                  height="49"
                  loading="lazy"
                  src="/logo-sony.svg"
                  style="color: transparent; object-fit: contain;"
                  width="49"
                />
              </div>
              <p
                class="text-base font-bold"
              >
                PS5
              </p>
            </div>
            <p
              class="text-5xl font-semibold mt-5"
            >
              Level Up with PS5 - Buy Now
            </p>
            <div
              class="flex gap-4 items-center mt-16"
            >
              <a
                class="text-white text-base underline"
                href="#"
              >
                Shop Now
              </a>
              <div
                class="flex"
              >
                <img
                  alt="arrow icon"
                  data-nimg="1"
                  decoding="async"
                  fetchpriority="high"
                  height="14"
                  src="/arrow-white.svg"
                  style="color: transparent;"
                  width="16"
                />
              </div>
            </div>
          </div>
          <img
            alt="slide-image"
            data-nimg="1"
            decoding="async"
            height="370"
            loading="lazy"
            src="/_next/image?url=%2Fhero-ps5.png&w=828&q=75"
            srcset="/_next/image?url=%2Fhero-ps5.png&w=640&q=75 1x, /_next/image?url=%2Fhero-ps5.png&w=828&q=75 2x"
            style="color: transparent; object-fit: contain; width: 100%; height: 100%;"
            width="400"
          />
        </div>
      </div>
    </div>
    <div
      class="absolute bottom-5 left-0 right-0 flex justify-center space-x-2"
    >
      <button
        aria-label="carousel-btn"
        class="w-3 h-3 rounded-full bg-primary border-2 border-white"
      />
      <button
        aria-label="carousel-btn"
        class="w-3 h-3 rounded-full bg-gray-500"
      />
      <button
        aria-label="carousel-btn"
        class="w-3 h-3 rounded-full bg-gray-500"
      />
      <button
        aria-label="carousel-btn"
        class="w-3 h-3 rounded-full bg-gray-500"
      />
      <button
        aria-label="carousel-btn"
        class="w-3 h-3 rounded-full bg-gray-500"
      />
    </div>
  </div>
</div>
`;
